python : C:\Users\Dell\AppDat
a\Local\Programs\Python\Pytho
n313\Lib\site-packages\reques
ts\__init__.py:113: 
RequestsDependencyWarning: 
urllib3 (2.0.7) or chardet 
(7.1.0)/charset_normalizer 
(3.4.4) doesn't match a 
supported version!
At line:1 char:1
+ python -m pytest 
test_env.py -v > 
test_report.txt 2>&1
+ ~~~~~~~~~~~~~~~~~~~~~~~~~~~
~~~~~~~~~~~~~~~~~~~~~~~~~~~
    + CategoryInfo           
   : NotSpecified: (C:\User  
  s\Dell\A...ported versio   
 n!:String) [], RemoteExc    
eption
    + FullyQualifiedErrorId  
   : NativeCommandError
 
  warnings.warn(
C:\Users\Dell\AppData\Local\P
rograms\Python\Python313\Lib\
site-packages\pytest_asyncio\
plugin.py:247: 
PytestDeprecationWarning: 
The configuration option "asy
ncio_default_fixture_loop_sco
pe" is unset.
The event loop scope for 
asynchronous fixtures will 
default to the fixture 
caching scope. Future 
versions of pytest-asyncio 
will default the loop scope 
for asynchronous fixtures to 
function scope. Set the 
default fixture loop scope 
explicitly in order to avoid 
unexpected behavior in the 
future. Valid fixture loop 
scopes are: "function", 
"class", "module", 
"package", "session"

  warnings.warn(PytestDepreca
tionWarning(_DEFAULT_FIXTURE_
LOOP_SCOPE_UNSET))
============================= test session starts =============================
platform win32 -- Python 3.13.12, pytest-8.3.4, pluggy-1.6.0 -- C:\Users\Dell\AppData\Local\Programs\Python\Python313\python.exe
cachedir: .pytest_cache
rootdir: D:\Desktop\Andrea\meta
configfile: pyproject.toml
plugins: anyio-4.12.1, langsmith-0.7.23, asyncio-1.3.0
asyncio: mode=Mode.STRICT, debug=False, asyncio_default_fixture_loop_scope=None, asyncio_default_test_loop_scope=function
collecting ... collected 52 items

test_env.py::TestData::test_30_tickets_exist PASSED                      [  1%]
test_env.py::TestData::test_all_ticket_ids_unique PASSED                 [  3%]
test_env.py::TestData::test_each_task_has_6_tickets PASSED               [  5%]
test_env.py::TestData::test_ground_truth_present PASSED                  [  7%]
test_env.py::TestData::test_duplicate_refs_valid PASSED                  [  9%]
test_env.py::TestEnvLifecycle::test_reset_returns_observation PASSED     [ 11%]
test_env.py::TestEnvLifecycle::test_state_after_reset PASSED             [ 13%]
test_env.py::TestEnvLifecycle::test_step_after_done_returns_done PASSED  [ 15%]
test_env.py::TestEnvLifecycle::test_wrong_ticket_id_penalized PASSED     [ 17%]
test_env.py::TestEnvLifecycle::test_full_episode_completes PASSED        [ 19%]
test_env.py::TestEnvLifecycle::test_max_steps_protection PASSED          [ 21%]
test_env.py::TestEpisodeHistory::test_first_ticket_has_no_history PASSED [ 23%]
test_env.py::TestEpisodeHistory::test_second_ticket_has_one_history PASSED [ 25%]
test_env.py::TestEpisodeHistory::test_medium_task_doesnt_leak_easy_history PASSED [ 26%]
test_env.py::TestGrading::test_perfect_easy_scores_high PASSED           [ 28%]
test_env.py::TestGrading::test_perfect_hard_with_response_scores_high PASSED [ 30%]
test_env.py::TestGrading::test_all_wrong_scores_low PASSED               [ 32%]
test_env.py::TestGrading::test_empty_submission_scores_zero FAILED       [ 34%]
test_env.py::TestGrading::test_partial_submission_penalized PASSED       [ 36%]
test_env.py::TestGrading::test_classification_partial_credit PASSED      [ 38%]
test_env.py::TestGrading::test_priority_one_off_partial_credit PASSED    [ 40%]
test_env.py::TestGrading::test_priority_two_off_partial_credit PASSED    [ 42%]
test_env.py::TestLabelSynonyms::test_exact_match PASSED                  [ 44%]
test_env.py::TestLabelSynonyms::test_synonym_match PASSED                [ 46%]
test_env.py::TestLabelSynonyms::test_non_synonym PASSED                  [ 48%]
test_env.py::TestResponseGrading::test_no_keywords_returns_1 PASSED      [ 50%]
test_env.py::TestResponseGrading::test_no_draft_returns_0 PASSED         [ 51%]
test_env.py::TestResponseGrading::test_all_keywords_high_score PASSED    [ 53%]
test_env.py::TestResponseGrading::test_professional_tone_bonus PASSED    [ 55%]
test_env.py::TestResponseGrading::test_unprofessional_penalized PASSED   [ 57%]
test_env.py::TestResponseGrading::test_hallucination_penalized PASSED    [ 59%]
test_env.py::TestResponseGrading::test_forbidden_phrases_reduce_score PASSED [ 61%]
test_env.py::TestResponseGrading::test_angry_customer_needs_empathy PASSED [ 63%]
test_env.py::TestResponseGrading::test_frustrated_customer_needs_acknowledgment PASSED [ 65%]
test_env.py::TestResponseGrading::test_polite_customer_gets_friendly_response PASSED [ 67%]
test_env.py::TestSessionManager::test_default_session_exists PASSED      [ 69%]
test_env.py::TestSessionManager::test_create_and_get_session PASSED      [ 71%]
test_env.py::TestSessionManager::test_sessions_are_isolated PASSED       [ 73%]
test_env.py::TestSessionManager::test_delete_session PASSED              [ 75%]
test_env.py::TestSessionManager::test_cannot_delete_default PASSED       [ 76%]
test_env.py::TestRoutingGrading::test_exact_match PASSED                 [ 78%]
test_env.py::TestRoutingGrading::test_related_teams PASSED               [ 80%]
test_env.py::TestRoutingGrading::test_unrelated_teams PASSED             [ 82%]
test_env.py::TestTaskDefinitions::test_four_tasks_exist PASSED           [ 84%]
test_env.py::TestTaskDefinitions::test_difficulties_cover_range PASSED   [ 86%]
test_env.py::TestTaskDefinitions::test_grader_scores_in_range PASSED     [ 88%]
test_env.py::TestEnrichedObservation::test_observation_has_sentiment PASSED [ 90%]
test_env.py::TestEnrichedObservation::test_observation_has_sla PASSED    [ 92%]
test_env.py::TestEnrichedObservation::test_observation_has_sender_context PASSED [ 94%]
test_env.py::TestEnrichedObservation::test_hard_tickets_have_angry_sentiment PASSED [ 96%]
test_env.py::TestConsistencyBonus::test_consistent_correct_gets_bonus PASSED [ 98%]
test_env.py::TestHFSpace::test_readme_has_frontmatter FAILED             [100%]

================================== FAILURES ===================================
________________ TestGrading.test_empty_submission_scores_zero ________________

self = <test_env.TestGrading object at 0x00000199BD4A2060>

    def test_empty_submission_scores_zero(self):
        result = run_grader("task_easy", [])
>       assert result["score"] == 0.001, f"Empty submission should score 0.001, got {result['score']}"
E       AssertionError: Empty submission should score 0.001, got 0.01
E       assert 0.01 == 0.001

test_env.py:220: AssertionError
___________________ TestHFSpace.test_readme_has_frontmatter ___________________

self = <test_env.TestHFSpace object at 0x00000199BD54A210>

    def test_readme_has_frontmatter(self):
        with open("README.md") as f:
>           content = f.read()

test_env.py:578: 
_ _ _ _ _ _ _ _ _ _ _ _ _ _ _ _ _ _ _ _ _ _ _ _ _ _ _ _ _ _ _ _ _ _ _ _ _ _ _ _

self = <encodings.cp1252.IncrementalDecoder object at 0x00000199BD545940>
input = b'---\ntitle: Technical Support & Bug Triage Hub\nemoji: \xf0\x9f\x8e\xab\ncolorFrom: blue\ncolorTo: purple\nsdk: dock...**\n\n---\n\n## \xf0\x9f\x93\x84 License\n\nThis project is part of the Meta PyTorch OpenEnv Hackathon submission.\n\n'
final = True

    def decode(self, input, final=False):
>       return codecs.charmap_decode(input,self.errors,decoding_table)[0]
E       UnicodeDecodeError: 'charmap' codec can't decode byte 0x8f in position 6087: character maps to <undefined>

C:\Users\Dell\AppData\Local\Programs\Python\Python313\Lib\encodings\cp1252.py:23: UnicodeDecodeError
=========================== short test summary info ===========================
FAILED test_env.py::TestGrading::test_empty_submission_scores_zero - Assertio...
FAILED test_env.py::TestHFSpace::test_readme_has_frontmatter - UnicodeDecodeE...
======================== 2 failed, 50 passed in 0.26s =========================
